# SNOW DOOM MAP
# block x y z sx sy sz texture [1=tile, 0=stretch]
# enemy x y z model

block    0.0    0.0    15.0    6.0    1.0    10.0    Stone01.png    1
block    0.0    4.0    15.0    6.0    1.0    10.0    Stone02.png    1
block    -3.5    2.0    15.0    1.0    4.0    10.0    Brick01.png    1
block    3.5    2.0    15.0    1.0    4.0    10.0    Brick01.png    1
block    0.0    0.0    40.0    40.0    1.0    40.0    Stone02.png    1
block    -20.0    4.0    40.0    1.0    8.0    40.0    Brick03.png    1
block    20.5    4.0    40.0    1.0    8.0    40.0    Brick03.png    1
block    0.0    4.0    60.0    40.0    8.0    1.0    Brick01.png    1
block    -11.5    4.0    20.0    18.0    8.0    1.0    Brick01.png    1
block    11.5    4.0    20.0    18.0    8.0    1.0    Brick01.png    1
block    -15.0    4.0    30.0    4.0    8.0    4.0    Brick02.png    1
block    15.0    4.0    30.0    4.0    8.0    4.0    Brick02.png    1
block    15.0    4.0    50.0    4.0    8.0    4.0    Brick02.png    1
block    -8.0    1.0    28.0    4.0    2.0    2.0    Brick03.png    1
block    8.0    1.0    28.0    4.0    2.0    2.0    Brick03.png    1
block    10.0    1.5    40.0    2.0    3.0    4.0    Brick03.png    1
block    0.0    3.5    57.0    20.0    1.0    6.0    Tiles02.png    1
block    0.0    4.5    54.5    20.0    1.0    1.0    Brick03.png    1
block    -10.0    4.0    -0.0    1.0    20.0    20.0    Wood02.png    0
block    0.0    4.0    -10.0    20.0    20.0    1.0    Wood02.png    0
block    0.0    0.0    0.0    20.0    1.0    20.0    env_snow.png    0
block    10.0    4.0    -0.0    1.0    20.0    20.0    Wood02.png    0
block    0.0    20.0    0.0    20.0    1.0    20.0    env_snow.png    0
block    -5.5    1.0    4.0    1.0    1.0    1.0    env_Crate.png    0
